[    0.000000] Initializing cgroup subsys cpuset
[    0.000000] Initializing cgroup subsys cpu
[    0.000000] Initializing cgroup subsys cpuacct
[    0.000000] Linux version 4.4.0-157-generic (buildd@lgw01-amd64-037) (gcc version 5.4.0 20160609 (Ubuntu 5.4.0-6ubuntu1~16.04.10) ) #185-Ubuntu SMP Tue Jul 23 09:17:01 UTC 2019 (Ubuntu 4.4.0-157.185-generic 4.4.181)
[    0.000000] Command line: BOOT_IMAGE=/boot/vmlinuz-4.4.0-157-generic root=LABEL=cloudimg-rootfs ro console=tty1 console=ttyS0
[    0.000000] KERNEL supported cpus:
[    0.000000]   Intel GenuineIntel
[    0.000000]   AMD AuthenticAMD
[    0.000000]   Centaur CentaurHauls
[    0.000000] x86/fpu: xstate_offset[2]:  576, xstate_sizes[2]:  256
[    0.000000] x86/fpu: Supporting XSAVE feature 0x01: 'x87 floating point registers'
[    0.000000] x86/fpu: Supporting XSAVE feature 0x02: 'SSE registers'
[    0.000000] x86/fpu: Supporting XSAVE feature 0x04: 'AVX registers'
[    0.000000] x86/fpu: Enabled xstate features 0x7, context size is 832 bytes, using 'standard' format.
[    0.000000] e820: BIOS-provided physical RAM map:
[    0.000000] BIOS-e820: [mem 0x0000000000000000-0x000000000009fbff] usable
[    0.000000] BIOS-e820: [mem 0x000000000009fc00-0x000000000009ffff] reserved
[    0.000000] BIOS-e820: [mem 0x00000000000f0000-0x00000000000fffff] reserved
[    0.000000] BIOS-e820: [mem 0x0000000000100000-0x000000003ffeffff] usable
[    0.000000] BIOS-e820: [mem 0x000000003fff0000-0x000000003fffffff] ACPI data
[    0.000000] BIOS-e820: [mem 0x00000000fec00000-0x00000000fec00fff] reserved
[    0.000000] BIOS-e820: [mem 0x00000000fee00000-0x00000000fee00fff] reserved
[    0.000000] BIOS-e820: [mem 0x00000000fffc0000-0x00000000ffffffff] reserved
[    0.000000] NX (Execute Disable) protection: active
[    0.000000] SMBIOS 2.5 present.
[    0.000000] Hypervisor detected: KVM
[    0.000000] e820: last_pfn = 0x3fff0 max_arch_pfn = 0x400000000
[    0.000000] MTRR: Disabled
[    0.000000] x86/PAT: MTRRs disabled, skipping PAT initialization too.
[    0.000000] CPU MTRRs all blank - virtualized system.
[    0.000000] x86/PAT: Configuration [0-7]: WB  WT  UC- UC  WB  WT  UC- UC  
[    0.000000] found SMP MP-table at [mem 0x0009fff0-0x0009ffff] mapped at [ffff88000009fff0]
[    0.000000] Scanning 1 areas for low memory corruption
[    0.000000] RAMDISK: [mem 0x362fc000-0x37175fff]
[    0.000000] ACPI: Early table checksum verification disabled
[    0.000000] ACPI: RSDP 0x00000000000E0000 000024 (v02 VBOX  )
[    0.000000] ACPI: XSDT 0x000000003FFF0030 00003C (v01 VBOX   VBOXXSDT 00000001 ASL  00000061)
[    0.000000] ACPI: FACP 0x000000003FFF00F0 0000F4 (v04 VBOX   VBOXFACP 00000001 ASL  00000061)
[    0.000000] ACPI: DSDT 0x000000003FFF0470 0022EA (v02 VBOX   VBOXBIOS 00000002 INTL 20100528)
[    0.000000] ACPI: FACS 0x000000003FFF0200 000040
[    0.000000] ACPI: FACS 0x000000003FFF0200 000040
[    0.000000] ACPI: APIC 0x000000003FFF0240 00005C (v02 VBOX   VBOXAPIC 00000001 ASL  00000061)
[    0.000000] ACPI: SSDT 0x000000003FFF02A0 0001CC (v01 VBOX   VBOXCPUT 00000002 INTL 20100528)
[    0.000000] No NUMA configuration found
[    0.000000] Faking a node at [mem 0x0000000000000000-0x000000003ffeffff]
[    0.000000] NODE_DATA(0) allocated [mem 0x3ffeb000-0x3ffeffff]
[    0.000000] kvm-clock: Using msrs 4b564d01 and 4b564d00
[    0.000000] kvm-clock: cpu 0, msr 0:3ffe3001, primary cpu clock
[    0.000000] kvm-clock: using sched offset of 3318024924 cycles
[    0.000000] clocksource: kvm-clock: mask: 0xffffffffffffffff max_cycles: 0x1cd42e4dffb, max_idle_ns: 881590591483 ns
[    0.000000] Zone ranges:
[    0.000000]   DMA      [mem 0x0000000000001000-0x0000000000ffffff]
[    0.000000]   DMA32    [mem 0x0000000001000000-0x000000003ffeffff]
[    0.000000]   Normal   empty
[    0.000000]   Device   empty
[    0.000000] Movable zone start for each node
[    0.000000] Early memory node ranges
[    0.000000]   node   0: [mem 0x0000000000001000-0x000000000009efff]
[    0.000000]   node   0: [mem 0x0000000000100000-0x000000003ffeffff]
[    0.000000] Initmem setup node 0 [mem 0x0000000000001000-0x000000003ffeffff]
[    0.000000] ACPI: PM-Timer IO Port: 0x4008
[    0.000000] IOAPIC[0]: apic_id 2, version 32, address 0xfec00000, GSI 0-23
[    0.000000] ACPI: INT_SRC_OVR (bus 0 bus_irq 0 global_irq 2 dfl dfl)
[    0.000000] ACPI: INT_SRC_OVR (bus 0 bus_irq 9 global_irq 9 low level)
[    0.000000] Using ACPI (MADT) for SMP configuration information
[    0.000000] smpboot: Allowing 2 CPUs, 0 hotplug CPUs
[    0.000000] PM: Registered nosave memory: [mem 0x00000000-0x00000fff]
[    0.000000] PM: Registered nosave memory: [mem 0x0009f000-0x0009ffff]
[    0.000000] PM: Registered nosave memory: [mem 0x000a0000-0x000effff]
[    0.000000] PM: Registered nosave memory: [mem 0x000f0000-0x000fffff]
[    0.000000] e820: [mem 0x40000000-0xfebfffff] available for PCI devices
[    0.000000] Booting paravirtualized kernel on KVM
[    0.000000] clocksource: refined-jiffies: mask: 0xffffffff max_cycles: 0xffffffff, max_idle_ns: 7645519600211568 ns
[    0.000000] setup_percpu: NR_CPUS:512 nr_cpumask_bits:512 nr_cpu_ids:2 nr_node_ids:1
[    0.000000] PERCPU: Embedded 34 pages/cpu @ffff88003fc00000 s99544 r8192 d31528 u1048576
[    0.000000] Built 1 zonelists in Node order, mobility grouping on.  Total pages: 257912
[    0.000000] Policy zone: DMA32
[    0.000000] Kernel command line: BOOT_IMAGE=/boot/vmlinuz-4.4.0-157-generic root=LABEL=cloudimg-rootfs ro console=tty1 console=ttyS0
[    0.000000] PID hash table entries: 4096 (order: 3, 32768 bytes)
[    0.000000] Memory: 997736K/1048120K available (8618K kernel code, 1335K rwdata, 4032K rodata, 1484K init, 1284K bss, 50384K reserved, 0K cma-reserved)
[    0.000000] SLUB: HWalign=64, Order=0-3, MinObjects=0, CPUs=2, Nodes=1
[    0.000000] Kernel/User page tables isolation: enabled
[    0.000000] Hierarchical RCU implementation.
[    0.000000] 	Build-time adjustment of leaf fanout to 64.
[    0.000000] 	RCU restricting CPUs from NR_CPUS=512 to nr_cpu_ids=2.
[    0.000000] RCU: Adjusting geometry for rcu_fanout_leaf=64, nr_cpu_ids=2
[    0.000000] NR_IRQS:33024 nr_irqs:440 16
[    0.000000] Console: colour VGA+ 80x25
[    0.000000] console [tty1] enabled
[    0.000000] console [ttyS0] enabled
[    0.000000] tsc: Detected 2712.000 MHz processor
[    0.133631] Calibrating delay loop (skipped) preset value.. 5424.00 BogoMIPS (lpj=10848000)
[    0.135185] pid_max: default: 32768 minimum: 301
[    0.136033] ACPI: Core revision 20150930
[    0.137633] ACPI: 2 ACPI AML tables successfully acquired and loaded
[    0.138803] Security Framework initialized
[    0.139569] Yama: becoming mindful.
[    0.140270] AppArmor: AppArmor initialized
[    0.141123] Dentry cache hash table entries: 131072 (order: 8, 1048576 bytes)
[    0.142997] Inode-cache hash table entries: 65536 (order: 7, 524288 bytes)
[    0.144221] Mount-cache hash table entries: 2048 (order: 2, 16384 bytes)
[    0.145368] Mountpoint-cache hash table entries: 2048 (order: 2, 16384 bytes)
[    0.146784] Initializing cgroup subsys io
[    0.147588] Initializing cgroup subsys memory
[    0.148441] Initializing cgroup subsys devices
[    0.149309] Initializing cgroup subsys freezer
[    0.150634] Initializing cgroup subsys net_cls
[    0.151772] Initializing cgroup subsys perf_event
[    0.152928] Initializing cgroup subsys net_prio
[    0.154370] Initializing cgroup subsys hugetlb
[    0.155862] Initializing cgroup subsys pids
[    0.158544] mce: CPU supports 0 MCE banks
[    0.160353] Last level iTLB entries: 4KB 64, 2MB 8, 4MB 8
[    0.162140] Last level dTLB entries: 4KB 64, 2MB 0, 4MB 0, 1GB 4
[    0.164087] Spectre V2 : Mitigation: Full generic retpoline
[    0.165694] Spectre V2 : Spectre v2 / SpectreRSB mitigation: Filling RSB on context switch
[    0.168272] Speculative Store Bypass: Vulnerable
[    0.169537] MDS: Vulnerable: Clear CPU buffers attempted, no microcode
[    0.176226] Freeing SMP alternatives memory: 36K
[    0.183489] ftrace: allocating 32312 entries in 127 pages
[    0.254319] smpboot: APIC(0) Converting physical 0 to logical package 0
[    0.255599] smpboot: Max logical packages: 1
[    0.256743] x2apic enabled
[    0.257616] Switched APIC routing to physical x2apic.
[    0.259726] ..TIMER: vector=0x30 apic1=0 pin1=2 apic2=-1 pin2=-1
[    0.366073] smpboot: CPU0: Intel(R) Core(TM) i5-7200U CPU @ 2.50GHz (family: 0x6, model: 0x8e, stepping: 0x9)
[    0.368017] Performance Events: unsupported p6 CPU model 142 no PMU driver, software events only.
[    0.378590] KVM setup paravirtual spinlock
[    0.380244] x86: Booting SMP configuration:
[    0.381114] .... node  #0, CPUs:      #1
[    0.382175] kvm-clock: cpu 1, msr 0:3ffe3041, secondary cpu clock
[    0.384598] mce: CPU supports 0 MCE banks
[    0.387195] x86: Booted up 1 node, 2 CPUs
[    0.388239] smpboot: Total of 2 processors activated (10848.00 BogoMIPS)
[    0.389921] devtmpfs: initialized
[    0.392494] evm: security.selinux
[    0.393225] evm: security.SMACK64
[    0.393945] evm: security.SMACK64EXEC
[    0.394764] evm: security.SMACK64TRANSMUTE
[    0.395584] evm: security.SMACK64MMAP
[    0.396414] evm: security.ima
[    0.397087] evm: security.capability
[    0.398049] clocksource: jiffies: mask: 0xffffffff max_cycles: 0xffffffff, max_idle_ns: 7645041785100000 ns
[    0.399900] futex hash table entries: 512 (order: 3, 32768 bytes)
[    0.401214] pinctrl core: initialized pinctrl subsystem
[    0.402346] RTC time: 15:52:13, date: 08/19/19
[    0.403428] NET: Registered protocol family 16
[    0.415196] cpuidle: using governor ladder
[    0.426881] cpuidle: using governor menu
[    0.428102] PCCT header not found.
[    0.428969] ACPI: bus type PCI registered
[    0.429874] acpiphp: ACPI Hot Plug PCI Controller Driver version: 0.5
[    0.431245] PCI: Using configuration type 1 for base access
[    0.443629] ACPI: Added _OSI(Module Device)
[    0.444527] ACPI: Added _OSI(Processor Device)
[    0.445421] ACPI: Added _OSI(3.0 _SCP Extensions)
[    0.446430] ACPI: Added _OSI(Processor Aggregator Device)
[    0.448097] ACPI: Executed 1 blocks of module-level executable AML code
[    0.451338] ACPI: Interpreter enabled
[    0.452170] ACPI: (supports S0 S5)
[    0.452940] ACPI: Using IOAPIC for interrupt routing
[    0.454257] PCI: Using host bridge windows from ACPI; if necessary, use "pci=nocrs" and report a bug
[    0.459234] ACPI: PCI Root Bridge [PCI0] (domain 0000 [bus 00-ff])
[    0.460364] acpi PNP0A03:00: _OSC: OS supports [ASPM ClockPM Segments MSI]
[    0.461873] acpi PNP0A03:00: _OSC: not requesting OS control; OS requires [ExtendedConfig ASPM ClockPM MSI]
[    0.463692] acpi PNP0A03:00: fail to add MMCONFIG information, can't access extended PCI configuration space under this bridge.
[    0.466141] PCI host bridge to bus 0000:00
[    0.466969] pci_bus 0000:00: root bus resource [io  0x0000-0x0cf7 window]
[    0.468224] pci_bus 0000:00: root bus resource [io  0x0d00-0xffff window]
[    0.470237] pci_bus 0000:00: root bus resource [mem 0x000a0000-0x000bffff window]
[    0.472842] pci_bus 0000:00: root bus resource [mem 0x40000000-0xfdffffff window]
[    0.475373] pci_bus 0000:00: root bus resource [bus 00-ff]
[    0.479735] pci 0000:00:01.1: legacy IDE quirk: reg 0x10: [io  0x01f0-0x01f7]
[    0.480917] pci 0000:00:01.1: legacy IDE quirk: reg 0x14: [io  0x03f6]
[    0.482025] pci 0000:00:01.1: legacy IDE quirk: reg 0x18: [io  0x0170-0x0177]
[    0.483299] pci 0000:00:01.1: legacy IDE quirk: reg 0x1c: [io  0x0376]
[    0.505237] pci 0000:00:07.0: quirk: [io  0x4000-0x403f] claimed by PIIX4 ACPI
[    0.516421] pci 0000:00:07.0: quirk: [io  0x4100-0x410f] claimed by PIIX4 SMB
[    0.530077] ACPI: PCI Interrupt Link [LNKA] (IRQs 5 9 10 *11)
[    0.531901] ACPI: PCI Interrupt Link [LNKB] (IRQs 5 9 *10 11)
[    0.533620] ACPI: PCI Interrupt Link [LNKC] (IRQs 5 *9 10 11)
[    0.535277] ACPI: PCI Interrupt Link [LNKD] (IRQs 5 9 10 *11)
[    0.536717] ACPI: Enabled 2 GPEs in block 00 to 07
[    0.537941] vgaarb: setting as boot device: PCI:0000:00:02.0
[    0.538943] vgaarb: device added: PCI:0000:00:02.0,decodes=io+mem,owns=io+mem,locks=none
[    0.540506] vgaarb: loaded
[    0.541100] vgaarb: bridge control possible 0000:00:02.0
[    0.542231] SCSI subsystem initialized
[    0.543138] ACPI: bus type USB registered
[    0.543929] usbcore: registered new interface driver usbfs
[    0.544908] usbcore: registered new interface driver hub
[    0.545876] usbcore: registered new device driver usb
[    0.547034] PCI: Using ACPI for IRQ routing
[    0.548129] NetLabel: Initializing
[    0.548841] NetLabel:  domain hash size = 128
[    0.549680] NetLabel:  protocols = UNLABELED CIPSOv4
[    0.551250] NetLabel:  unlabeled traffic allowed by default
[    0.552459] amd_nb: Cannot enumerate AMD northbridges
[    0.553420] clocksource: Switched to clocksource kvm-clock
[    0.560357] AppArmor: AppArmor Filesystem Enabled
[    0.561486] pnp: PnP ACPI init
[    0.562883] pnp: PnP ACPI: found 3 devices
[    0.573176] clocksource: acpi_pm: mask: 0xffffff max_cycles: 0xffffff, max_idle_ns: 2085701024 ns
[    0.574983] NET: Registered protocol family 2
[    0.575973] TCP established hash table entries: 8192 (order: 4, 65536 bytes)
[    0.577267] TCP bind hash table entries: 8192 (order: 5, 131072 bytes)
[    0.578539] TCP: Hash tables configured (established 8192 bind 8192)
[    0.579679] UDP hash table entries: 512 (order: 2, 16384 bytes)
[    0.580768] UDP-Lite hash table entries: 512 (order: 2, 16384 bytes)
[    0.582009] NET: Registered protocol family 1
[    0.582897] pci 0000:00:00.0: Limiting direct PCI/PCI transfers
[    0.584044] pci 0000:00:01.0: Activating ISA DMA hang workarounds
[    0.585316] Unpacking initramfs...
[    0.796905] Freeing initrd memory: 14824K
[    0.798400] clocksource: tsc: mask: 0xffffffffffffffff max_cycles: 0x2717868ea45, max_idle_ns: 440795316085 ns
[    0.801321] platform rtc_cmos: registered platform RTC device (no PNP device found)
[    0.803793] Scanning for low memory corruption every 60 seconds
[    0.805958] audit: initializing netlink subsys (disabled)
[    0.807569] audit: type=2000 audit(1566229938.754:1): initialized
[    0.809665] Initialise system trusted keyring
[    0.811184] HugeTLB registered 2 MB page size, pre-allocated 0 pages
[    0.813692] zbud: loaded
[    0.814886] VFS: Disk quotas dquot_6.6.0
[    0.816208] VFS: Dquot-cache hash table entries: 512 (order 0, 4096 bytes)
[    0.818259] squashfs: version 4.0 (2009/01/31) Phillip Lougher
[    0.819605] fuse init (API version 7.23)
[    0.821105] Key type big_key registered
[    0.822409] Allocating IMA MOK and blacklist keyrings.
[    0.825166] Key type asymmetric registered
[    0.826461] Asymmetric key parser 'x509' registered
[    0.828048] Block layer SCSI generic (bsg) driver version 0.4 loaded (major 249)
[    0.830493] io scheduler noop registered
[    0.831785] io scheduler deadline registered (default)
[    0.833378] io scheduler cfq registered
[    0.834736] pci_hotplug: PCI Hot Plug PCI Core version: 0.5
[    0.836425] pciehp: PCI Express Hot Plug Controller Driver version: 0.4
[    0.838471] ACPI: AC Adapter [AC] (on-line)
[    0.839903] input: Power Button as /devices/LNXSYSTM:00/LNXPWRBN:00/input/input0
[    0.842239] ACPI: Power Button [PWRF]
[    0.843596] input: Sleep Button as /devices/LNXSYSTM:00/LNXSLPBN:00/input/input1
[    0.845904] ACPI: Sleep Button [SLPF]
[    0.847473] GHES: HEST is not enabled!
[    0.848239] ACPI: Battery Slot [BAT0] (battery present)
[    0.850525] Serial: 8250/16550 driver, 32 ports, IRQ sharing enabled
[    0.873125] 00:02: ttyS0 at I/O 0x3f8 (irq = 4, base_baud = 115200) is a 16550A
[    0.877714] Linux agpgart interface v0.103
[    0.881142] loop: module loaded
[    0.883093] scsi host0: ata_piix
[    0.884398] scsi host1: ata_piix
[    0.885551] ata1: PATA max UDMA/33 cmd 0x1f0 ctl 0x3f6 bmdma 0xd000 irq 14
[    0.886901] ata2: PATA max UDMA/33 cmd 0x170 ctl 0x376 bmdma 0xd008 irq 15
[    0.888172] libphy: Fixed MDIO Bus: probed
[    0.889215] tun: Universal TUN/TAP device driver, 1.6
[    0.890296] tun: (C) 1999-2004 Max Krasnyansky <maxk@qualcomm.com>
[    0.891656] PPP generic driver version 2.4.2
[    0.892826] ehci_hcd: USB 2.0 'Enhanced' Host Controller (EHCI) Driver
[    0.894130] ehci-pci: EHCI PCI platform driver
[    0.895107] ehci-platform: EHCI generic platform driver
[    0.896185] ohci_hcd: USB 1.1 'Open' Host Controller (OHCI) Driver
[    0.897537] ohci-pci: OHCI PCI platform driver
[    0.898508] ohci-platform: OHCI generic platform driver
[    0.899566] uhci_hcd: USB Universal Host Controller Interface driver
[    0.900730] i8042: PNP: PS/2 Controller [PNP0303:PS2K,PNP0f03:PS2M] at 0x60,0x64 irq 1,12
[    0.902768] serio: i8042 KBD port at 0x60,0x64 irq 1
[    0.903747] serio: i8042 AUX port at 0x60,0x64 irq 12
[    0.904973] mousedev: PS/2 mouse device common for all mice
[    0.906472] input: AT Translated Set 2 keyboard as /devices/platform/i8042/serio0/input/input2
[    0.908656] rtc_cmos rtc_cmos: rtc core: registered rtc_cmos as rtc0
[    0.909872] rtc_cmos rtc_cmos: alarms up to one day, 114 bytes nvram
[    0.911094] i2c /dev entries driver
[    0.911891] device-mapper: uevent: version 1.0.3
[    0.912902] device-mapper: ioctl: 4.34.0-ioctl (2015-10-28) initialised: dm-devel@redhat.com
[    0.914710] ledtrig-cpu: registered to indicate activity on CPUs
[    0.916303] NET: Registered protocol family 10
[    0.917401] NET: Registered protocol family 17
[    0.918362] Key type dns_resolver registered
[    0.919858] registered taskstats version 1
[    0.920755] Loading compiled-in X.509 certificates
[    0.922193] Loaded X.509 cert 'Build time autogenerated kernel key: 3e01e6df98386236d59670e6b2ed19a044d5324e'
[    0.924060] zswap: loaded using pool lzo/zbud
[    0.926497] Key type trusted registered
[    0.930023] Key type encrypted registered
[    0.930889] AppArmor: AppArmor sha1 policy hashing enabled
[    0.931848] ima: No TPM chip found, activating TPM-bypass!
[    0.932808] ima: Allocated hash algorithm: sha1
[    0.933657] evm: HMAC attrs: 0x1
[    0.934691]   Magic number: 15:370:892
[    0.935506] rtc_cmos rtc_cmos: setting system clock to 2019-08-19 15:52:14 UTC (1566229934)
[    0.937235] BIOS EDD facility v0.16 2004-Jun-25, 0 devices found
[    0.939615] EDD information not available.
[    1.047062] Freeing unused kernel memory: 1484K
[    1.048587] Write protecting the kernel read-only data: 14336k
[    1.050816] Freeing unused kernel memory: 1612K
[    1.052444] Freeing unused kernel memory: 64K
Loading, please wait...
starting version 229
[    1.071357] random: systemd-udevd: uninitialized urandom read (16 bytes read, 3 bits of entropy available)
[    1.072394] random: udevadm: uninitialized urandom read (16 bytes read, 3 bits of entropy available)
[    1.072423] random: udevadm: uninitialized urandom read (16 bytes read, 3 bits of entropy available)
[    1.078871] random: systemd-udevd: uninitialized urandom read (16 bytes read, 3 bits of entropy available)
[    1.081396] random: systemd-udevd: uninitialized urandom read (16 bytes read, 3 bits of entropy available)
[    1.084134] random: systemd-udevd: uninitialized urandom read (16 bytes read, 3 bits of entropy available)
[    1.084135] random: udevadm: uninitialized urandom read (16 bytes read, 3 bits of entropy available)
[    1.084199] random: udevadm: uninitialized urandom read (16 bytes read, 3 bits of entropy available)
[    1.084425] random: udevadm: uninitialized urandom read (16 bytes read, 3 bits of entropy available)
[    1.084509] random: udevadm: uninitialized urandom read (16 bytes read, 3 bits of entropy available)
[    1.130117] e1000: Intel(R) PRO/1000 Network Driver - version 7.3.21-k8-NAPI
[    1.131540] e1000: Copyright (c) 1999-2006 Intel Corporation.
[    1.132842] Fusion MPT base driver 3.04.20
[    1.133687] Copyright (c) 1999-2008 LSI Corporation
[    1.141902] Fusion MPT SPI Host driver 3.04.20
[    1.152213] AVX2 version of gcm_enc/dec engaged.
[    1.153900] AES CTR mode by8 optimization enabled
[    1.343026] input: ImExPS/2 Generic Explorer Mouse as /devices/platform/i8042/serio1/input/input4
[    1.506803] e1000 0000:00:03.0 eth0: (PCI:33MHz:32-bit) 02:c2:66:bb:16:6d
[    1.508320] e1000 0000:00:03.0 eth0: Intel(R) PRO/1000 Network Connection
[    1.877913] e1000 0000:00:08.0 eth1: (PCI:33MHz:32-bit) 08:00:27:6d:f1:0f
[    1.879105] e1000 0000:00:08.0 eth1: Intel(R) PRO/1000 Network Connection
[    1.881225] mptbase: ioc0: Initiating bringup
[    1.881598] e1000 0000:00:08.0 enp0s8: renamed from eth1
[    1.893966] e1000 0000:00:03.0 enp0s3: renamed from eth0
[    1.960495] ioc0: LSI53C1030 A0: Capabilities={Initiator}
[    3.430869] scsi host2: ioc0: LSI53C1030 A0, FwRev=00000000h, Ports=1, MaxQ=256, IRQ=20
[    3.832453] scsi 2:0:0:0: Direct-Access     VBOX     HARDDISK         1.0  PQ: 0 ANSI: 5
[    3.835653] scsi target2:0:0: Beginning Domain Validation
[    3.840972] scsi target2:0:0: Domain Validation skipping write tests
[    3.843393] scsi target2:0:0: Ending Domain Validation
[    3.845377] scsi target2:0:0: asynchronous
[    3.847704] scsi 2:0:1:0: Direct-Access     VBOX     HARDDISK         1.0  PQ: 0 ANSI: 5
[    3.850996] scsi target2:0:1: Beginning Domain Validation
[    3.854980] scsi target2:0:1: Domain Validation skipping write tests
[    3.857411] scsi target2:0:1: Ending Domain Validation
[    3.877910] scsi target2:0:1: asynchronous
[    3.885819] sd 2:0:0:0: Attached scsi generic sg0 type 0
[    3.887030] sd 2:0:1:0: Attached scsi generic sg1 type 0
[    3.887189] sd 2:0:0:0: [sda] 20971520 512-byte logical blocks: (10.7 GB/10.0 GiB)
[    3.889585] sd 2:0:1:0: [sdb] 20480 512-byte logical blocks: (10.5 MB/10.0 MiB)
[    3.891256] sd 2:0:0:0: [sda] Write Protect is off
[    3.892538] sd 2:0:0:0: [sda] Incomplete mode parameter data
[    3.893534] sd 2:0:0:0: [sda] Assuming drive cache: write through
[    3.895112] sd 2:0:1:0: [sdb] Write Protect is off
[    3.896580] sd 2:0:1:0: [sdb] Incomplete mode parameter data
[    3.897833] sd 2:0:1:0: [sdb] Assuming drive cache: write through
[    3.902063]  sda: sda1
[    3.903253] sd 2:0:0:0: [sda] Attached SCSI disk
[    3.905176] sd 2:0:1:0: [sdb] Attached SCSI disk
Begin: Loading essential drivers ... [    5.246024] md: linear personality registered for level -1
[    5.249185] md: multipath personality registered for level -4
[    5.252336] md: raid0 personality registered for level 0
[    5.256433] md: raid1 personality registered for level 1
[    5.325989] raid6: sse2x1   gen()  9127 MB/s
[    5.393431] raid6: sse2x1   xor()  7322 MB/s
[    5.461663] raid6: sse2x2   gen() 12644 MB/s
[    5.529983] raid6: sse2x2   xor()  8941 MB/s
[    5.597427] raid6: sse2x4   gen() 13511 MB/s
[    5.665645] raid6: sse2x4   xor()  9675 MB/s
[    5.733960] raid6: avx2x1   gen() 20302 MB/s
[    5.801446] raid6: avx2x2   gen() 15683 MB/s
[    5.869517] raid6: avx2x4   gen() 22406 MB/s
[    5.870739] raid6: using algorithm avx2x4 gen() 22406 MB/s
[    5.871795] raid6: using avx2x2 recovery algorithm
[    5.873988] xor: automatically using best checksumming function:
[    5.913477]    avx       : 24933.000 MB/sec
[    5.916507] async_tx: api initialized (async)
[    5.930876] md: raid6 personality registered for level 6
[    5.932408] md: raid5 personality registered for level 5
[    5.934113] md: raid4 personality registered for level 4
[    5.942542] md: raid10 personality registered for level 10
done.
Begin: Running /scripts/init-premount ... done.
Begin: Mounting root file system ... Begin: Running /scripts/local-top ... done.
Begin: Running /scripts/local-premount ... [    5.979084] Btrfs loaded
Scanning for Btrfs filesystems
done.
Warning: fsck not present, so skipping root file system
[    6.013325] EXT4-fs (sda1): mounted filesystem with ordered data mode. Opts: (null)
done.
Begin: Running /scripts/local-bottom ... done.
Begin: Running /scripts/init-bottom ... done.
[    6.121760] systemd[1]: systemd 229 running in system mode. (+PAM +AUDIT +SELINUX +IMA +APPARMOR +SMACK +SYSVINIT +UTMP +LIBCRYPTSETUP +GCRYPT +GNUTLS +ACL +XZ -LZ4 +SECCOMP +BLKID +ELFUTILS +KMOD -IDN)
[    6.125518] systemd[1]: Detected virtualization oracle.
[    6.126959] systemd[1]: Detected architecture x86-64.

Welcome to [1mUbuntu 16.04.6 LTS[0m!

[    6.131388] systemd[1]: Set hostname to <ubuntu-xenial>.
[    6.266278] systemd[1]: Reached target Swap.
[[0;32m  OK  [0m] Reached target Swap.
[    6.267830] systemd[1]: Reached target User and Group Name Lookups.
[[0;32m  OK  [0m] Reached target User and Group Name Lookups.
[    6.269880] systemd[1]: Set up automount Arbitrary Executable File Formats File System Automount Point.
[[0;32m  OK  [0m] Set up automount Arbitrary Executab...ats File System Automount Point.
[    6.272752] systemd[1]: Started Forward Password Requests to Wall Directory Watch.
[[0;32m  OK  [0m] Started Forward Password Requests to Wall Directory Watch.
[    6.275170] systemd[1]: Listening on Syslog Socket.
[[0;32m  OK  [0m] Listening on Syslog Socket.
[    6.276912] systemd[1]: Created slice User and Session Slice.
[[0;32m  OK  [0m] Created slice User and Session Slice.
[    6.278663] systemd[1]: Listening on udev Kernel Socket.
[[0;32m  OK  [0m] Listening on udev Kernel Socket.
[    6.280333] systemd[1]: Started Trigger resolvconf update for networkd DNS.
[[0;32m  OK  [0m] Started Trigger resolvconf update for networkd DNS.
[    6.282387] systemd[1]: Listening on Journal Socket (/dev/log).
[[0;32m  OK  [0m] Listening on Journal Socket (/dev/log).
[    6.284254] systemd[1]: Listening on Journal Audit Socket.
[[0;32m  OK  [0m] Listening on Journal Audit Socket.
[    6.285983] systemd[1]: Listening on LVM2 poll daemon socket.
[[0;32m  OK  [0m] Listening on LVM2 poll daemon socket.
[    6.287656] systemd[1]: Listening on Device-mapper event daemon FIFOs.
[[0;32m  OK  [0m] Listening on Device-mapper event daemon FIFOs.
[    6.289612] systemd[1]: Listening on LVM2 metadata daemon socket.
[[0;32m  OK  [0m] Listening on LVM2 metadata daemon socket.
[    6.291581] systemd[1]: Created slice System Slice.
[[0;32m  OK  [0m] Created slice System Slice.
[    6.293085] systemd[1]: Reached target Slices.
[[0;32m  OK  [0m] Reached target Slices.
[    6.294769] systemd[1]: Created slice system-serial\x2dgetty.slice.
[[0;32m  OK  [0m] Created slice system-serial\x2dgetty.slice.
[    6.296666] systemd[1]: Reached target System Time Synchronized.
[[0;32m  OK  [0m] Reached target System Time Synchronized.
[    6.298447] systemd[1]: Reached target Encrypted Volumes.
[[0;32m  OK  [0m] Reached target Encrypted Volumes.
[    6.300105] systemd[1]: Listening on /dev/initctl Compatibility Named Pipe.
[[0;32m  OK  [0m] Listening on /dev/initctl Compatibility Named Pipe.
[    6.302123] systemd[1]: Listening on Journal Socket.
[[0;32m  OK  [0m] Listening on Journal Socket.
[    6.314247] systemd[1]: Mounting Debug File System...
         Mounting Debug File System...
[    6.317373] systemd[1]: Starting Remount Root and Kernel File Systems...
         Starting Remount Root and Kernel File Systems...
[    6.321034] systemd[1]: Starting Uncomplicated firewall...
         Starting Uncomplicated firewall...
[    6.325514] systemd[1]: Starting Create list of required static device nodes for the current kernel...
         Starting Create list of required st... nodes for the current kernel...
[    6.328754] EXT4-fs (sda1): re-mounted. Opts: (null)
[    6.329368] systemd[1]: Starting Monitoring of LVM2 mirrors, snapshots etc. using dmeventd or progress polling...
         Starting Monitoring of LVM2 mirrors... dmeventd or progress polling...
[    6.334624] systemd[1]: Starting Set console keymap...
         Starting Set console keymap...
[    6.337191] systemd[1]: Starting Nameserver information manager...
         Starting Nameserver information manager...
[    6.342447] systemd[1]: Starting Load Kernel Modules...
         Starting Load Kernel Modules...
[    6.346308] systemd[1]: Starting Journal Service...
         Starting Journal Service...
[    6.349248] systemd[1]: Mounting POSIX Message Queue File System...
         Mounting POSIX Message Queue File System...
[    6.352577] systemd[1]: Mounting Huge Pages File System...
         Mounting Huge Pages File System...
[    6.354797] systemd[1]: Listening on udev Control Socket.
[[0;32m  OK  [0m] Listening on udev Control Socket.
[    6.358881] systemd[1]: Mounted Huge Pages File System.
[[0;32m  OK  [0m] Mounted Huge Pages File System.
[    6.361379] systemd[1]: Mounted Debug File System.
[[0;32m  OK  [0m] Mounted Debug File System.
[    6.363550] systemd[1]: Mounted POSIX Message Queue File System.
[[0;32m  OK  [0m] Mounted POSIX Message Queue File System.
[    6.366217] systemd[1]: Started Remount Root and Kernel File Systems.
[[0;32m  OK  [0m] Started Remount Root and Kernel File Systems.
[    6.368676] Loading iSCSI transport class v2.0-870.
[    6.370368] systemd[1]: Started Uncomplicated firewall.
[[0;32m  OK  [0m] Started Uncomplicated firewall.
[    6.372676] systemd[1]: Started Create list of required static device nodes for the current kernel.
[[0;32m  OK  [0m] Started Create list of required sta...ce nodes for the current kernel.
[    6.378394] systemd[1]: Started Nameserver information manager.
[[0;32m  OK  [0m] Started Nameserver information manager.
[    6.391221] iscsi: registered transport (tcp)
[    6.398839] systemd[1]: Started Journal Service.
[[0;32m  OK  [0m] Started Journal Service.
[[0;32m  OK  [0m] Started LVM2 metadata daemon.
         Starting Create Static Device Nodes in /dev...
         Starting Load/Save Random Seed...
         Starting udev Coldplug all Devices...
         Starting Flush Journal to Persistent Storage...
[[0;32m  OK  [0m] Started Load/Save Random Seed.
[[0;32m  OK  [0m] Started Set console keymap.
[    6.457581] systemd-journald[394]: Received request to flush runtime journal from PID 1
[    6.461088] iscsi: registered transport (iser)
[[0;32m  OK  [0m] Started Load Kernel Modules.
[[0;32m  OK  [0m] Started Create Static Device Nodes in /dev.
[[0;32m  OK  [0m] Started Flush Journal to Persistent Storage.
         Starting udev Kernel Device Manager...
         Mounting FUSE Control File System...
         Starting Apply Kernel Variables...
[[0;32m  OK  [0m] Mounted FUSE Control File System.
[[0;32m  OK  [0m] Started Apply Kernel Variables.
[[0;32m  OK  [0m] Started udev Coldplug all Devices.
[[0;32m  OK  [0m] Started udev Kernel Device Manager.
[[0;32m  OK  [0m] Started Dispatch Password Requests to Console Directory Watch.
[[0;32m  OK  [0m] Found device /dev/ttyS0.
[[0;32m  OK  [0m] Listening on Load/Save RF Kill Switch Status /dev/rfkill Watch.
[[0;32m  OK  [0m] Found device 82540EM Gigabit Ethern...r (PRO/1000 MT Desktop Adapter).
[[0;32m  OK  [0m] Found device 82540EM Gigabit Ethern...r (PRO/1000 MT Desktop Adapter).
[[0;32m  OK  [0m] Started Monitoring of LVM2 mirrors,...ng dmeventd or progress polling.
[[0;32m  OK  [0m] Reached target Local File Systems (Pre).
[[0;32m  OK  [0m] Reached target Local File Systems.
         Starting Tell Plymouth To Write Out Runtime Data...
         Starting LSB: AppArmor initialization...
         Starting Set console font and keymap...
         Starting Initial cloud-init job (pre-networking)...
         Starting Create Volatile Files and Directories...
[[0;32m  OK  [0m] Started Tell Plymouth To Write Out Runtime Data.
[[0;32m  OK  [0m] Started Create Volatile Files and Directories.
         Starting Update UTMP about System Boot/Shutdown...
[[0;32m  OK  [0m] Started Update UTMP about System Boot/Shutdown.
[[0;32m  OK  [0m] Started LSB: AppArmor initialization.
[[0;32m  OK  [0m] Started Set console font and keymap.
[[0;32m  OK  [0m] Created slice system-getty.slice.
[    7.812430] cloud-init[667]: Cloud-init v. 19.1-1-gbaa47854-0ubuntu1~16.04.1 running 'init-local' at Mon, 19 Aug 2019 15:52:21 +0000. Up 7.54 seconds.
[[0;32m  OK  [0m] Started Initial cloud-init job (pre-networking).
[[0;32m  OK  [0m] Reached target Network (Pre).
[[0;32m  OK  [0m] Started ifup for enp0s8.
         Starting Raise network interfaces...
[[0;32m  OK  [0m] Started ifup for enp0s3.
[[0;32m  OK  [0m] Started Raise network interfaces.
         Starting Initial cloud-init job (metadata service crawler)...
[[0;32m  OK  [0m] Reached target Network.
[    8.582341] cloud-init[1079]: Cloud-init v. 19.1-1-gbaa47854-0ubuntu1~16.04.1 running 'init' at Mon, 19 Aug 2019 15:52:22 +0000. Up 8.31 seconds.
[    8.583956] cloud-init[1079]: ci-info: ++++++++++++++++++++++++++++++++++++++Net device info+++++++++++++++++++++++++++++++++++++++
[    8.585787] cloud-init[1079]: ci-info: +--------+------+-----------------------------+---------------+--------+-------------------+
[    8.587610] cloud-init[1079]: ci-info: | Device |  Up  |           Address           |      Mask     | Scope  |     Hw-Address    |
[    8.596375] cloud-init[1079]: ci-info: +--------+------+-----------------------------+---------------+--------+-------------------+
[    8.597853] cloud-init[1079]: ci-info: | enp0s3 | True |          10.0.2.15          | 255.255.255.0 | global | 02:c2:66:bb:16:6d |
[    8.599356] cloud-init[1079]: ci-info: | enp0s3 | True |  fe80::c2:66ff:febb:166d/64 |       .       |  link  | 02:c2:66:bb:16:6d |
[    8.600836] cloud-init[1079]: ci-info: | enp0s8 | True |        192.168.10.100       | 255.255.255.0 | global | 08:00:27:6d:f1:0f |
[    8.602405] cloud-init[1079]: ci-info: | enp0s8 | True | fe80::a00:27ff:fe6d:f10f/64 |       .       |  link  | 08:00:27:6d:f1:0f |
[    8.603920] cloud-init[1079]: ci-info: |   lo   | True |          127.0.0.1          |   255.0.0.0   |  host  |         .         |
[    8.605450] cloud-init[1079]: ci-info: |   lo   | True |           ::1/128           |       .       |  host  |         .         |
[    8.606953] cloud-init[1079]: ci-info: +--------+------+-----------------------------+---------------+--------+-------------------+
[    8.608458] cloud-init[1079]: ci-info: ++++++++++++++++++++++++++++Route IPv4 info++++++++++++++++++++++++++++
[    8.609883] cloud-init[1079]: ci-info: +-------+--------------+----------+---------------+-----------+-------+
[    8.611346] cloud-init[1079]: ci-info: | Route | Destination  | Gateway  |    Genmask    | Interface | Flags |
[    8.620353] cloud-init[1079]: ci-info: +-------+--------------+----------+---------------+-----------+-------+
[    8.621672] cloud-init[1079]: ci-info: |   0   |   0.0.0.0    | 10.0.2.2 |    0.0.0.0    |   enp0s3  |   UG  |
[    8.622956] cloud-init[1079]: ci-info: |   1   |   10.0.2.0   | 0.0.0.0  | 255.255.255.0 |   enp0s3  |   U   |
[    8.624631] cloud-init[1079]: ci-info: |   2   | 192.168.10.0 | 0.0.0.0  | 255.255.255.0 |   enp0s8  |   U   |
[    8.626284] cloud-init[1079]: ci-info: +-------+--------------+----------+---------------+-----------+-------+
[    8.627932] cloud-init[1079]: ci-info: +++++++++++++++++++Route IPv6 info+++++++++++++++++++
[    8.629373] cloud-init[1079]: ci-info: +-------+-------------+---------+-----------+-------+
[    8.636363] cloud-init[1079]: ci-info: | Route | Destination | Gateway | Interface | Flags |
[    8.637505] cloud-init[1079]: ci-info: +-------+-------------+---------+-----------+-------+
[    8.638708] cloud-init[1079]: ci-info: |   0   |  fe80::/64  |    ::   |   enp0s8  |   U   |
[    8.639883] cloud-init[1079]: ci-info: |   1   |  fe80::/64  |    ::   |   enp0s3  |   U   |
[    8.641144] cloud-init[1079]: ci-info: |   4   |   ff00::/8  |    ::   |   enp0s8  |   U   |
[    8.642333] cloud-init[1079]: ci-info: |   5   |   ff00::/8  |    ::   |   enp0s3  |   U   |
[    8.643513] cloud-init[1079]: ci-info: +-------+-------------+---------+-----------+-------+
[[0;32m  OK  [0m] Started Initial cloud-init job (metadata service crawler).
[[0;32m  OK  [0m] Reached target Network is Online.
         Starting iSCSI initiator daemon (iscsid)...
[[0;32m  OK  [0m] Reached target Cloud-config availability.
[[0;32m  OK  [0m] Reached target System Initialization.
[[0;32m  OK  [0m] Started ACPI Events Check.
[[0;32m  OK  [0m] Reached target Paths.
[[0;32m  OK  [0m] Listening on ACPID Listen Socket.
         Starting LXD - unix socket.
[[0;32m  OK  [0m] Started Daily apt download activities.
[[0;32m  OK  [0m] Started Daily apt upgrade and clean activities.
[[0;32m  OK  [0m] Started Daily Cleanup of Temporary Directories.
[[0;32m  OK  [0m] Reached target Timers.
[[0;32m  OK  [0m] Listening on D-Bus System Message Bus Socket.
[[0;32m  OK  [0m] Listening on UUID daemon activation socket.
         Starting Socket activation for snappy daemon.
[[0;32m  OK  [0m] Listening on LXD - unix socket.
[[0;32m  OK  [0m] Listening on Socket activation for snappy daemon.
[[0;32m  OK  [0m] Started iSCSI initiator daemon (iscsid).
         Starting Login to default iSCSI targets...
[[0;32m  OK  [0m] Reached target Sockets.
[[0;32m  OK  [0m] Reached target Basic System.
         Starting LSB: MD monitoring daemon...
         Starting LSB: Record successful boot for GRUB...
[[0;32m  OK  [0m] Started D-Bus System Message Bus.
         Starting Accounts Service...
[[0;32m  OK  [0m] Started ACPI event daemon.
[[0;32m  OK  [0m] Started FUSE filesystem for LXC.
[[0;32m  OK  [0m] Started Deferred execution scheduler.
         Starting OpenBSD Secure Shell server...
         Starting /etc/rc.local Compatibility...
         Starting System Logging Service...
         Starting Snappy daemon...
         Starting Login Service...
         Starting A high performance web server and a reverse proxy server...
[[0;32m  OK  [0m] Started Regular background program processing daemon.
         Starting Virtualbox guest utils...
         Starting LXD - container startup/shutdown...
[[0;32m  OK  [0m] Started /etc/rc.local Compatibility.
[[0;32m  OK  [0m] Started System Logging Service.
[[0;32m  OK  [0m] Started Login to default iSCSI targets.
[[0;32m  OK  [0m] Started LSB: Record successful boot for GRUB.
[[0;32m  OK  [0m] Started OpenBSD Secure Shell server.
[[0;32m  OK  [0m] Started LSB: MD monitoring daemon.
[[0;32m  OK  [0m] Started Login Service.
[[0;32m  OK  [0m] Started Unattended Upgrades Shutdown.
         Starting Authenticate and Authorize Users to Run Privileged Tasks...
[[0;32m  OK  [0m] Reached target Remote File Systems (Pre).
[[0;32m  OK  [0m] Reached target Remote File Systems.
         Starting Permit User Sessions...
         Starting LSB: Set the CPU Frequency Scaling governor to "ondemand"...
         Starting LSB: automatic crash report generation...
         Starting LSB: daemon to balance interrupts for SMP systems...
[[0;32m  OK  [0m] Started Permit User Sessions.
         Starting Terminate Plymouth Boot Screen...
         Starting Hold until boot process finishes up...
[[0;32m  OK  [0m] Started Hold until boot process finishes up.
[[0;32m  OK  [0m] Started Authenticate and Authorize Users to Run Privileged Tasks.
[[0;32m  OK  [0m] Started Terminate Plymouth Boot Screen.
         Starting Set console scheme...
[[0;32m  OK  [0m] Started Getty on tty1.
[[0;32m  OK  [0m] Started Serial Getty on ttyS0.
[[0;32m  OK  [0m] Reached target Login Prompts.
[[0;32m  OK  [0m] Started Accounts Service.
[[0;32m  OK  [0m] Started Set console scheme.
[[0;32m  OK  [0m] Started LXD - container startup/shutdown.
[[0;32m  OK  [0m] Started LSB: Set the CPU Frequency Scaling governor to "ondemand".
[[0;32m  OK  [0m] Started LSB: automatic crash report generation.
[[0;32m  OK  [0m] Started LSB: daemon to balance interrupts for SMP systems.
[[0;32m  OK  [0m] Started A high performance web server and a reverse proxy server.
[[0;32m  OK  [0m] Started Virtualbox guest utils.
[[0;32m  OK  [0m] Started Snappy daemon.
         Starting Wait until snapd is fully seeded...
[[0;32m  OK  [0m] Started Wait until snapd is fully seeded.
         Starting Apply the settings specified in cloud-config...
[[0;32m  OK  [0m] Reached target Multi-User System.
[[0;32m  OK  [0m] Reached target Graphical Interface.
         Starting Update UTMP about System Runlevel Changes...
[[0;32m  OK  [0m] Started Update UTMP about System Runlevel Changes.
[    9.693937] cloud-init[1348]: Cloud-init v. 19.1-1-gbaa47854-0ubuntu1~16.04.1 running 'modules:config' at Mon, 19 Aug 2019 15:52:23 +0000. Up 9.60 seconds.
[[0;32m  OK  [0m] Started Apply the settings specified in cloud-config.
         Starting Execute cloud user/final scripts...
[   10.103538] cloud-init[1361]: Cloud-init v. 19.1-1-gbaa47854-0ubuntu1~16.04.1 running 'modules:final' at Mon, 19 Aug 2019 15:52:23 +0000. Up 9.99 seconds.
[   10.106051] cloud-init[1361]: Cloud-init v. 19.1-1-gbaa47854-0ubuntu1~16.04.1 finished at Mon, 19 Aug 2019 15:52:23 +0000. Datasource DataSourceNoCloud [seed=/dev/sdb][dsmode=net].  Up 10.09 seconds
[[0;32m  OK  [0m] Started Execute cloud user/final scripts.
[[0;32m  OK  [0m] Reached target Cloud-init target.

Ubuntu 16.04.6 LTS ubuntu-xenial ttyS0

ubuntu-xenial login: 